PS C:\Users\xopas\Documents\SARA> git init
Reinitialized existing Git repository in C:/Users/xopas/Documents/SARA/.git/
PS C:\Users\xopas\Documents\SARA> git add .
PS C:\Users\xopas\Documents\SARA> git commit -m "intento1"
[master (root-commit) 025d53f] intento1
 1 file changed, 1 insertion(+)        
 create mode 100644 sara.txt
PS C:\Users\xopas\Documents\SARA> git status -s
 M sara.txt
PS C:\Users\xopas\Documents\SARA> git add.
git: 'add.' is not a git command. See 'git --help'.

The most similar command is
        add
PS C:\Users\xopas\Documents\SARA> git add .
PS C:\Users\xopas\Documents\SARA> git status -s
M  sara.txt
PS C:\Users\xopas\Documents\SARA> git add .
PS C:\Users\xopas\Documents\SARA> git commit -m "hola que tal OK"
[master 647c57a] hola que tal OK
 1 file changed, 2 insertions(+), 1 deletion(-)
PS C:\Users\xopas\Documents\SARA> git add .
PS C:\Users\xopas\Documents\SARA> git status -s
M  sara.txt
PS C:\Users\xopas\Documents\SARA> git commit -m "hola que tal todo ok OK"
[master 5d7c1a9] hola que tal todo ok OK
 1 file changed, 2 insertions(+), 1 deletion(-)
PS C:\Users\xopas\Documents\SARA> git add origin "https://github.com/SaraRA149/prueba-2.11.git"
fatal: pathspec 'origin' did not match any files
PS C:\Users\xopas\Documents\SARA> git add origin https://github.com/SaraRA149/prueba-2.11.git
fatal: pathspec 'origin' did not match any files
PS C:\Users\xopas\Documents\SARA> git remote add https://github.com/SaraRA149/prueba-2.11.git
usage: git remote add [<options>] <name> <url>

    -f, --fetch           fetch the remote branches
    --tags                import all tags and associated objects when fetching
                          or do not fetch any tag at all (--no-tags)
    -t, --track <branch>  branch(es) to track
    -m, --master <branch>
                          master branch
    --mirror[=(push|fetch)]
                          set up remote as a mirror to push to or fetch from

PS C:\Users\xopas\Documents\SARA> git push origin     
fatal: The current branch master has no upstream branch.
To push the current branch and set the remote as upstream, use   

    git push --set-upstream origin master

To have this happen automatically for branches without a tracking
upstream, see 'push.autoSetupRemote' in 'git help config'.       

PS C:\Users\xopas\Documents\SARA> git status -s
PS C:\Users\xopas\Documents\SARA> git add .
PS C:\Users\xopas\Documents\SARA> git commit -m "4 lineas ok"
[master 10ee6b4] 4 lineas ok
 1 file changed, 2 insertions(+), 1 deletion(-)
PS C:\Users\xopas\Documents\SARA> git push -u origin
fatal: The current branch master has no upstream branch.      
To push the current branch and set the remote as upstream, use

    git push --set-upstream origin master

To have this happen automatically for branches without a tracking
upstream, see 'push.autoSetupRemote' in 'git help config'.

PS C:\Users\xopas\Documents\SARA> git branch "sara"
PS C:\Users\xopas\Documents\SARA> git checkout "sara"
Switched to branch 'sara'
PS C:\Users\xopas\Documents\SARA> git checkout main
error: pathspec 'main' did not match any file(s) known to git
PS C:\Users\xopas\Documents\SARA> git checkout master
Switched to branch 'master'
PS C:\Users\xopas\Documents\SARA> git checkout "sara"
Switched to branch 'sara'
PS C:\Users\xopas\Documents\SARA> git checkout master
Switched to branch 'master'
PS C:\Users\xopas\Documents\SARA> git status -s
PS C:\Users\xopas\Documents\SARA> git checkout -b "sara2"
Switched to a new branch 'sara2'
PS C:\Users\xopas\Documents\SARA> git push origin master
Enumerating objects: 12, done.
Counting objects: 100% (12/12), done.
Delta compression using up to 4 threads
Compressing objects: 100% (4/4), done.
Writing objects: 100% (12/12), 952 bytes | 190.00 KiB/s, done.
Total 12 (delta 0), reused 0 (delta 0), pack-reused 0
To https://github.com/SaraRA149/pruebasi.git
 * [new branch]      master -> master
PS C:\Users\xopas\Documents\SARA> git push --force "prueba-2.11" "https://github.com/SaraRA149/prueba-2.11.git"
fatal: invalid refspec 'https://github.com/SaraRA149/prueba-2.11.git'
PS C:\Users\xopas\Documents\SARA> git push --force "prueba-2.11" https://github.com/SaraRA149/prueba-2.11.git  
fatal: invalid refspec 'https://github.com/SaraRA149/prueba-2.11.git'
PS C:\Users\xopas\Documents\SARA> git remote add origin https://github.com/SaraRA149/prueba-2.11.git
error: remote origin already exists.
PS C:\Users\xopas\Documents\SARA> git add .
PS C:\Users\xopas\Documents\SARA> git status -s
M  sara.txt
PS C:\Users\xopas\Documents\SARA> git commit -m "7 lineas ok"
[sara2 3e4dc6d] 7 lineas ok
 1 file changed, 4 insertions(+), 1 deletion(-)
PS C:\Users\xopas\Documents\SARA> git push origin master
Everything up-to-date
PS C:\Users\xopas\Documents\SARA> git branch "sara"
fatal: a branch named 'sara' already exists
PS C:\Users\xopas\Documents\SARA> git checkout "sara"
Switched to branch 'sara'
PS C:\Users\xopas\Documents\SARA> git status -s
PS C:\Users\xopas\Documents\SARA> git checkout main
error: pathspec 'main' did not match any file(s) known to git
PS C:\Users\xopas\Documents\SARA> git checkout master
Switched to branch 'master'
PS C:\Users\xopas\Documents\SARA> git pull origin main
fatal: couldn't find remote ref main
PS C:\Users\xopas\Documents\SARA> git pull origin master
From https://github.com/SaraRA149/pruebasi
 * branch            master     -> FETCH_HEAD
Already up to date.
PS C:\Users\xopas\Documents\SARA> git pull origin master
From https://github.com/SaraRA149/pruebasi
 * branch            master     -> FETCH_HEAD
Already up to date.
PS C:\Users\xopas\Documents\SARA> git branch "sara"
fatal: a branch named 'sara' already exists
PS C:\Users\xopas\Documents\SARA> git status -s
 M sara.txt
PS C:\Users\xopas\Documents\SARA> git add .
PS C:\Users\xopas\Documents\SARA> git commit -m "modificaciones"
[master 4a693c4] modificaciones
 1 file changed, 3 insertions(+), 1 deletion(-)
PS C:\Users\xopas\Documents\SARA> git checkout -b "prueba"
Switched to a new branch 'prueba'
PS C:\Users\xopas\Documents\SARA> git log
commit 4a693c4c7b5050f9dacec9cb5463d5a12c4f2c11 (HEAD -> prueba, master)
commit 4a693c4c7b5050f9dacec9cb5463d5a12c4f2c11 (HEAD -> prueba, master)
commit 4a693c4c7b5050f9dacec9cb5463d5a12c4f2c11 (HEAD -> prueba, master)
Author: Xoel Pastoriza Barcia <xo.pastoriza@gmail.com>
Date:   Wed Nov 2 22:43:29 2022 +0100

    modificaciones

commit 10ee6b483debbbb8cf04d2e27fdc531a064f50d3 (origin/master, sara)
Author: Xoel Pastoriza Barcia <xo.pastoriza@gmail.com>
Date:   Wed Nov 2 22:17:42 2022 +0100

    4 lineas ok

commit 5d7c1a922dd1c64542302b455450327d00811ab8
Author: Xoel Pastoriza Barcia <xo.pastoriza@gmail.com>
Date:   Wed Nov 2 22:04:47 2022 +0100

    hola que tal todo ok OK

commit 647c57aafe91d0b021b62bbfbaa9ea95d682e81e
Author: Xoel Pastoriza Barcia <xo.pastoriza@gmail.com>
Date:   Wed Nov 2 22:03:58 2022 +0100

    hola que tal OK

commit 025d53f8c6a7aa5c3d5fde71d62f71fbe52ee5c3
Author: Xoel Pastoriza Barcia <xo.pastoriza@gmail.com>
Date:   Wed Nov 2 22:01:28 2022 +0100

    intento1
...skipping...
commit 4a693c4c7b5050f9dacec9cb5463d5a12c4f2c11 (HEAD -> prueba, master)
commit 4a693c4c7b5050f9dacec9cb5463d5a12c4f2c11 (HEAD -> prueba, master)
Author: Xoel Pastoriza Barcia <xo.pastoriza@gmail.com>
Date:   Wed Nov 2 22:43:29 2022 +0100

    modificaciones

commit 10ee6b483debbbb8cf04d2e27fdc531a064f50d3 (origin/master, sara)
Author: Xoel Pastoriza Barcia <xo.pastoriza@gmail.com>
Date:   Wed Nov 2 22:17:42 2022 +0100

    4 lineas ok

commit 5d7c1a922dd1c64542302b455450327d00811ab8
Author: Xoel Pastoriza Barcia <xo.pastoriza@gmail.com>
Date:   Wed Nov 2 22:04:47 2022 +0100

    hola que tal todo ok OK

commit 647c57aafe91d0b021b62bbfbaa9ea95d682e81e
Author: Xoel Pastoriza Barcia <xo.pastoriza@gmail.com>
Date:   Wed Nov 2 22:03:58 2022 +0100

    hola que tal OK

commit 025d53f8c6a7aa5c3d5fde71d62f71fbe52ee5c3
Author: Xoel Pastoriza Barcia <xo.pastoriza@gmail.com>
Date:   Wed Nov 2 22:01:28 2022 +0100

    intento1
...skipping...
Author: Xoel Pastoriza Barcia <xo.pastoriza@gmail.com>
Date:   Wed Nov 2 22:43:29 2022 +0100

    modificaciones

commit 10ee6b483debbbb8cf04d2e27fdc531a064f50d3 (origin/master, sara)
Author: Xoel Pastoriza Barcia <xo.pastoriza@gmail.com>
Date:   Wed Nov 2 22:17:42 2022 +0100

    4 lineas ok

commit 5d7c1a922dd1c64542302b455450327d00811ab8
Author: Xoel Pastoriza Barcia <xo.pastoriza@gmail.com>
Date:   Wed Nov 2 22:04:47 2022 +0100

    hola que tal todo ok OK

commit 647c57aafe91d0b021b62bbfbaa9ea95d682e81e
Author: Xoel Pastoriza Barcia <xo.pastoriza@gmail.com>
Date:   Wed Nov 2 22:03:58 2022 +0100

    hola que tal OK

commit 025d53f8c6a7aa5c3d5fde71d62f71fbe52ee5c3
Author: Xoel Pastoriza Barcia <xo.pastoriza@gmail.com>
Date:   Wed Nov 2 22:01:28 2022 +0100

    intento1
(END)